// Jest Snapshot v1, https://goo.gl/fbAQLP

exports[`<App /> matches snapshop 1`] = `<UNDEFINED />`;
